| expressions.swift:34:5:34:11 | (Double) ... | not isUnknown | expressions.swift:34:5:34:5 | 15 |
