| expressions.swift:33:5:33:12 | (Double?) ... | Double? |
