| expressions.swift:7:11:7:11 | call to appendLiteral | (String) -> () |
| expressions.swift:7:18:7:18 | call to appendInterpolation | (Int) -> () |
| expressions.swift:7:21:7:21 | call to appendLiteral | (String) -> () |
| expressions.swift:15:11:15:11 | call to != | (Int, Int) -> Bool |
| expressions.swift:16:11:16:19 | call to ... | AnError |
| expressions.swift:42:14:42:14 | call to + | (Int, Int) -> Int |
| expressions.swift:45:14:45:14 | call to + | (Int, Int) -> Int |
| expressions.swift:47:22:47:22 | call to + | (Int, Int) -> Int |
| expressions.swift:48:15:48:15 | call to + | (Int, Int) -> Int |
| expressions.swift:64:10:64:10 | call to < | (Int, Int) -> Bool |
| expressions.swift:79:5:79:11 | call to ... | (Int) -> Base |
| expressions.swift:92:14:92:24 | call to passRetained | (ToPtr) -> Unmanaged<ToPtr> |
| expressions.swift:92:14:92:46 | call to toOpaque | () -> UnsafeMutableRawPointer |
| expressions.swift:93:1:93:18 | call to fromOpaque | (UnsafeRawPointer) -> Unmanaged<ToPtr> |
