| expressions.swift:60:33:60:63 | ((UnsafePointer<Int>) throws -> ()) ... | not isUnknown | expressions.swift:60:33:60:63 | { ... } |
