| expressions.swift:21:6:21:16 | (()?) ... | not isUnknown | expressions.swift:21:6:21:16 | call to failure |
