| expressions.swift:7:10:7:10 | "..." | not isUnknown |
