| expressions.swift:54:5:54:8 | #keyPath(...) | expressions.swift:54:6:54:8 | TBD (UnresolvedDotExpr) |
| expressions.swift:154:52:154:55 | #keyPath(...) | expressions.swift:154:53:154:55 | TBD (UnresolvedDotExpr) |
