| expressions.swift:152:26:152:47 | \\...[...] | Int |
| expressions.swift:153:24:153:43 | \\...[...] | B |
| expressions.swift:154:22:154:41 | \\...[...] | B |
| expressions.swift:154:22:154:56 | \\...[...] | Int |
