| expressions.swift:35:7:35:12 | ...[...] | 0 | : 1 |
| expressions.swift:88:1:88:6 | ...[...] | 0 | : a |
| expressions.swift:137:3:137:7 | ...[...] | 0 | : 1 |
| expressions.swift:138:10:138:17 | ...[...] | 0 | : 3 |
| expressions.swift:138:10:138:17 | ...[...] | 1 | : 4 |
