| statements.swift:17:3:19:18 | repeat { ... } while ...  | not isUnknown | statements.swift:19:12:19:16 | ... call to < ... | statements.swift:17:18:19:3 | { ... } |
