| statements.swift:77:7:77:7 | yield ... | 0 | file://:0:0:0:0 | &... |
| statements.swift:80:7:80:14 | yield ... | 0 | statements.swift:80:13:80:14 | &... |
