| expressions.swift:5:10:5:10 | true | Bool |
| expressions.swift:6:10:6:10 | false | Bool |
