| statements.swift:3:8:3:13 | ... call to == ... | statements.swift:3:8:3:13 | ... call to == ... |
| statements.swift:10:17:10:24 | ... call to < ... | statements.swift:10:18:10:22 | ... call to < ... |
| statements.swift:39:9:39:14 | ... call to != ... | statements.swift:39:9:39:14 | ... call to != ... |
