| statements.swift:39:3:41:3 | guard ... else { ... } | not isUnknown | statements.swift:39:9:39:14 | StmtCondition | statements.swift:39:21:41:3 | { ... } |
