| expressions.swift:81:5:81:5 | super | not isUnknown | expressions.swift:80:3:80:3 | self |
