| expressions.swift:36:5:36:12 | (Double) ... | Double |
