| expressions.swift:23:6:23:16 | (()?) ... | ()? |
