| statements.swift:6:9:6:9 | break | not isUnknown |
| statements.swift:61:7:61:7 | break | not isUnknown |
