| statements.swift:23:5:25:3 | case ... | 0 | statements.swift:23:11:23:11 | let ... |
| statements.swift:29:5:31:3 | case ... | 0 | statements.swift:29:11:29:11 | ... is ... |
| statements.swift:31:5:33:3 | case ... | 0 | statements.swift:31:11:31:11 | let ... |
| statements.swift:56:4:58:7 | case ... | 0 | statements.swift:56:9:56:9 | 1 |
| statements.swift:59:4:61:7 | case ... | 0 | statements.swift:59:9:59:9 | 5 |
| statements.swift:59:4:61:7 | case ... | 1 | statements.swift:59:12:59:12 | 10 |
| statements.swift:62:4:63:22 | case ... | 0 | statements.swift:62:4:62:4 | _ |
