| statements.swift:5:8:5:13 | ... call to == ... | not isUnknown |
| statements.swift:12:17:12:24 | ... call to < ... | not isUnknown |
| statements.swift:41:9:41:14 | ... call to != ... | not isUnknown |
| statements.swift:67:4:67:19 | let ... = ...  | not isUnknown |
| statements.swift:69:4:69:20 | .some(...) = ...  | not isUnknown |
