| statements.swift:67:4:67:19 | let ... = ...  | statements.swift:67:19:67:19 | x |
| statements.swift:69:4:69:20 | .some(...) = ...  | statements.swift:69:20:69:20 | x |
