| statements.swift:58:7:58:7 | fallthrough | not isUnknown | statements.swift:56:4:58:7 | case ... | statements.swift:59:4:61:7 | case ... |
