| expressions.swift:75:5:75:5 | .xx | not isUnknown | expressions.swift:75:5:75:5 | self | expressions.swift:73:7:73:7 | xx | hasDirectToStorageSemantics | not hasDirectToImplementationSemantics | not hasOrdinarySemantics |
| expressions.swift:86:5:86:13 | .xx | not isUnknown | expressions.swift:86:5:86:5 | derived | expressions.swift:73:7:73:7 | xx | not hasDirectToStorageSemantics | not hasDirectToImplementationSemantics | hasOrdinarySemantics |
| expressions.swift:133:3:133:6 | .settableField | not isUnknown | expressions.swift:133:3:133:3 | hp | expressions.swift:98:7:98:7 | settableField | not hasDirectToStorageSemantics | not hasDirectToImplementationSemantics | hasOrdinarySemantics |
| expressions.swift:134:11:134:14 | .settableField | not isUnknown | expressions.swift:134:11:134:11 | hp | expressions.swift:98:7:98:7 | settableField | not hasDirectToStorageSemantics | not hasDirectToImplementationSemantics | hasOrdinarySemantics |
| expressions.swift:135:11:135:14 | .readOnlyField1 | not isUnknown | expressions.swift:135:11:135:11 | hp | expressions.swift:107:7:107:7 | readOnlyField1 | not hasDirectToStorageSemantics | not hasDirectToImplementationSemantics | hasOrdinarySemantics |
| expressions.swift:136:11:136:14 | .readOnlyField2 | not isUnknown | expressions.swift:136:11:136:11 | hp | expressions.swift:112:7:112:7 | readOnlyField2 | not hasDirectToStorageSemantics | not hasDirectToImplementationSemantics | hasOrdinarySemantics |
| expressions.swift:137:3:137:6 | .normalField | not isUnknown | expressions.swift:137:3:137:3 | hp | expressions.swift:118:7:118:7 | normalField | not hasDirectToStorageSemantics | not hasDirectToImplementationSemantics | hasOrdinarySemantics |
| expressions.swift:138:11:138:14 | .normalField | not isUnknown | expressions.swift:138:11:138:11 | hp | expressions.swift:118:7:118:7 | normalField | not hasDirectToStorageSemantics | not hasDirectToImplementationSemantics | hasOrdinarySemantics |
