| declarations.swift:2:7:2:7 | (unnamed function decl) | not isUnknown | (inout Foo) -> () -> () | (unnamed function decl) | not isGetter | not isSetter | not isWillSet | not isDidSet |
| declarations.swift:2:7:2:7 | get | not isUnknown | (Foo) -> () -> Int | (unnamed function decl) | isGetter | not isSetter | not isWillSet | not isDidSet |
| declarations.swift:2:7:2:7 | set | not isUnknown | (inout Foo) -> (Int) -> () | (unnamed function decl) | not isGetter | isSetter | not isWillSet | not isDidSet |
| declarations.swift:3:7:3:7 | (unnamed function decl) | not isUnknown | (inout Foo) -> () -> () | (unnamed function decl) | not isGetter | not isSetter | not isWillSet | not isDidSet |
| declarations.swift:4:5:4:24 | get | not isUnknown | (Foo) -> () -> Int | (unnamed function decl) | isGetter | not isSetter | not isWillSet | not isDidSet |
| declarations.swift:5:5:5:38 | set | not isUnknown | (inout Foo) -> (Int) -> () | (unnamed function decl) | not isGetter | isSetter | not isWillSet | not isDidSet |
| declarations.swift:9:17:9:17 | (unnamed function decl) | not isUnknown | (Bar) -> () -> () | (unnamed function decl) | not isGetter | not isSetter | not isWillSet | not isDidSet |
| declarations.swift:9:17:9:17 | get | not isUnknown | (Bar) -> () -> Double | (unnamed function decl) | isGetter | not isSetter | not isWillSet | not isDidSet |
| declarations.swift:9:17:9:17 | set | not isUnknown | (Bar) -> (Double) -> () | (unnamed function decl) | not isGetter | isSetter | not isWillSet | not isDidSet |
| declarations.swift:23:9:23:9 | (unnamed function decl) | not isUnknown | <Self where Self : MyProtocol> (inout Self) -> () -> () | (unnamed function decl) | not isGetter | not isSetter | not isWillSet | not isDidSet |
| declarations.swift:23:31:23:31 | get | not isUnknown | <Self where Self : MyProtocol> (Self) -> () -> Int | (unnamed function decl) | isGetter | not isSetter | not isWillSet | not isDidSet |
| declarations.swift:23:35:23:35 | set | not isUnknown | <Self where Self : MyProtocol> (inout Self) -> (Int) -> () | (unnamed function decl) | not isGetter | isSetter | not isWillSet | not isDidSet |
| declarations.swift:24:40:24:40 | get | not isUnknown | <Self where Self : MyProtocol> (Self) -> () -> Int | (unnamed function decl) | isGetter | not isSetter | not isWillSet | not isDidSet |
| declarations.swift:32:3:34:3 | get | not isUnknown | () -> String | (unnamed function decl) | isGetter | not isSetter | not isWillSet | not isDidSet |
| declarations.swift:35:3:35:18 | set | not isUnknown | (String) -> () | (unnamed function decl) | not isGetter | isSetter | not isWillSet | not isDidSet |
| declarations.swift:41:7:41:7 | (unnamed function decl) | not isUnknown | (Baz) -> () -> () | (unnamed function decl) | not isGetter | not isSetter | not isWillSet | not isDidSet |
| declarations.swift:41:7:41:7 | get | not isUnknown | (Baz) -> () -> Int | (unnamed function decl) | isGetter | not isSetter | not isWillSet | not isDidSet |
| declarations.swift:41:7:41:7 | set | not isUnknown | (Baz) -> (Int) -> () | (unnamed function decl) | not isGetter | isSetter | not isWillSet | not isDidSet |
| declarations.swift:70:5:72:5 | get | not isUnknown | (ZeroWrapper) -> () -> Int | (unnamed function decl) | isGetter | not isSetter | not isWillSet | not isDidSet |
| declarations.swift:77:20:77:20 | get | not isUnknown | () -> Int | (unnamed function decl) | isGetter | not isSetter | not isWillSet | not isDidSet |
| declarations.swift:82:7:82:7 | (unnamed function decl) | not isUnknown | (inout HasPropertyAndObserver) -> () -> () | (unnamed function decl) | not isGetter | not isSetter | not isWillSet | not isDidSet |
| declarations.swift:83:5:83:11 | set | not isUnknown | (inout HasPropertyAndObserver) -> (Int) -> () | (unnamed function decl) | not isGetter | isSetter | not isWillSet | not isDidSet |
| declarations.swift:84:5:86:5 | get | not isUnknown | (HasPropertyAndObserver) -> () -> Int | (unnamed function decl) | isGetter | not isSetter | not isWillSet | not isDidSet |
| declarations.swift:91:27:93:3 | get | not isUnknown | (HasPropertyAndObserver) -> () -> Int | (unnamed function decl) | isGetter | not isSetter | not isWillSet | not isDidSet |
| declarations.swift:97:5:99:5 | get | not isUnknown | (HasPropertyAndObserver) -> () -> Int | (unnamed function decl) | isGetter | not isSetter | not isWillSet | not isDidSet |
| declarations.swift:102:7:102:7 | (unnamed function decl) | not isUnknown | (inout HasPropertyAndObserver) -> () -> () | (unnamed function decl) | not isGetter | not isSetter | not isWillSet | not isDidSet |
| declarations.swift:102:7:102:7 | get | not isUnknown | (HasPropertyAndObserver) -> () -> Int | (unnamed function decl) | isGetter | not isSetter | not isWillSet | not isDidSet |
| declarations.swift:102:7:102:7 | set | not isUnknown | (inout HasPropertyAndObserver) -> (Int) -> () | (unnamed function decl) | not isGetter | isSetter | not isWillSet | not isDidSet |
| declarations.swift:104:3:104:3 | (unnamed function decl) | not isUnknown | (inout HasPropertyAndObserver) -> (Int) -> () | (unnamed function decl) | not isGetter | not isSetter | not isWillSet | not isDidSet |
| declarations.swift:105:5:107:5 | get | not isUnknown | (HasPropertyAndObserver) -> (Int) -> Int | (unnamed function decl) | isGetter | not isSetter | not isWillSet | not isDidSet |
| declarations.swift:108:5:108:11 | set | not isUnknown | (inout HasPropertyAndObserver) -> (Int, Int) -> () | (unnamed function decl) | not isGetter | isSetter | not isWillSet | not isDidSet |
| declarations.swift:111:37:113:3 | get | not isUnknown | (HasPropertyAndObserver) -> (Int, Int) -> Int | (unnamed function decl) | isGetter | not isSetter | not isWillSet | not isDidSet |
| declarations.swift:115:7:115:7 | (unnamed function decl) | not isUnknown | (inout HasPropertyAndObserver) -> () -> () | (unnamed function decl) | not isGetter | not isSetter | not isWillSet | not isDidSet |
| declarations.swift:115:7:115:7 | get | not isUnknown | (HasPropertyAndObserver) -> () -> Int | (unnamed function decl) | isGetter | not isSetter | not isWillSet | not isDidSet |
| declarations.swift:115:7:115:7 | set | not isUnknown | (inout HasPropertyAndObserver) -> (Int) -> () | (unnamed function decl) | not isGetter | isSetter | not isWillSet | not isDidSet |
| declarations.swift:116:5:116:25 | willSet | not isUnknown | (inout HasPropertyAndObserver) -> (Int) -> () | (unnamed function decl) | not isGetter | not isSetter | isWillSet | not isDidSet |
| declarations.swift:119:7:119:7 | (unnamed function decl) | not isUnknown | (inout HasPropertyAndObserver) -> () -> () | (unnamed function decl) | not isGetter | not isSetter | not isWillSet | not isDidSet |
| declarations.swift:119:7:119:7 | get | not isUnknown | (HasPropertyAndObserver) -> () -> Int | (unnamed function decl) | isGetter | not isSetter | not isWillSet | not isDidSet |
| declarations.swift:119:7:119:7 | set | not isUnknown | (inout HasPropertyAndObserver) -> (Int) -> () | (unnamed function decl) | not isGetter | isSetter | not isWillSet | not isDidSet |
| declarations.swift:120:5:120:15 | willSet | not isUnknown | (inout HasPropertyAndObserver) -> (Int) -> () | (unnamed function decl) | not isGetter | not isSetter | isWillSet | not isDidSet |
| declarations.swift:123:7:123:7 | (unnamed function decl) | not isUnknown | (inout HasPropertyAndObserver) -> () -> () | (unnamed function decl) | not isGetter | not isSetter | not isWillSet | not isDidSet |
| declarations.swift:123:7:123:7 | get | not isUnknown | (HasPropertyAndObserver) -> () -> Int | (unnamed function decl) | isGetter | not isSetter | not isWillSet | not isDidSet |
| declarations.swift:123:7:123:7 | set | not isUnknown | (inout HasPropertyAndObserver) -> (Int) -> () | (unnamed function decl) | not isGetter | isSetter | not isWillSet | not isDidSet |
| declarations.swift:124:5:124:24 | didSet | not isUnknown | (inout HasPropertyAndObserver) -> (Int) -> () | (unnamed function decl) | not isGetter | not isSetter | not isWillSet | isDidSet |
| declarations.swift:127:7:127:7 | (unnamed function decl) | not isUnknown | (inout HasPropertyAndObserver) -> () -> () | (unnamed function decl) | not isGetter | not isSetter | not isWillSet | not isDidSet |
| declarations.swift:127:7:127:7 | get | not isUnknown | (HasPropertyAndObserver) -> () -> Int | (unnamed function decl) | isGetter | not isSetter | not isWillSet | not isDidSet |
| declarations.swift:127:7:127:7 | set | not isUnknown | (inout HasPropertyAndObserver) -> (Int) -> () | (unnamed function decl) | not isGetter | isSetter | not isWillSet | not isDidSet |
| declarations.swift:128:5:128:14 | didSet | not isUnknown | (inout HasPropertyAndObserver) -> () -> () | (unnamed function decl) | not isGetter | not isSetter | not isWillSet | isDidSet |
| declarations.swift:131:7:131:7 | (unnamed function decl) | not isUnknown | (inout HasPropertyAndObserver) -> () -> () | (unnamed function decl) | not isGetter | not isSetter | not isWillSet | not isDidSet |
| declarations.swift:131:7:131:7 | get | not isUnknown | (HasPropertyAndObserver) -> () -> Int | (unnamed function decl) | isGetter | not isSetter | not isWillSet | not isDidSet |
| declarations.swift:131:7:131:7 | set | not isUnknown | (inout HasPropertyAndObserver) -> (Int) -> () | (unnamed function decl) | not isGetter | isSetter | not isWillSet | not isDidSet |
| declarations.swift:132:5:132:15 | willSet | not isUnknown | (inout HasPropertyAndObserver) -> (Int) -> () | (unnamed function decl) | not isGetter | not isSetter | isWillSet | not isDidSet |
| declarations.swift:134:5:134:14 | didSet | not isUnknown | (inout HasPropertyAndObserver) -> () -> () | (unnamed function decl) | not isGetter | not isSetter | not isWillSet | isDidSet |
