| file://:0:0:0:0 |  | not isUnknown |  |
| hello.swift:0:0:0:0 | hello.swift | not isUnknown | hello.swift |
